// Jest Snapshot v1, https://goo.gl/fbAQLP

exports[`SearchForm renders snapshop 1`] = `
<form>
  <label
    for="search"
  >
    <strong>
      Search:
    </strong>
  </label>
  Â 
  <input
    id="search"
    type="text"
    value="React"
  />
  <button
    type="submit"
  >
    Submit
  </button>
</form>
`;
